
> learnquest@1.0.0 start
> react-scripts start

Starting the development server...

Compiled successfully!

You can now view learnquest in the browser.

  Local:            http://localhost:3001
  On Your Network:  http://192.168.1.222:3001

Note that the development build is not optimized.
To create a production build, use npm run build.

webpack compiled [1m[32msuccessfully[39m[22m
Compiling...
Compiled with warnings.

[eslint] 
src\App.jsx
  Line 5:3:  'Award' is defined but never used  no-unused-vars

Search for the keywords to learn more about each warning.
To ignore, add // eslint-disable-next-line to the line before.

[1m[33mWARNING[39m[22m in [1m[eslint] 
src\App.jsx
  Line 5:3:  'Award' is defined but never used  no-unused-vars

[39m[22m

webpack compiled with [1m[33m1 warning[39m[22m
Compiling...
Failed to compile.

[eslint] 
src\App.jsx
  Line 1009:8:  'RedesignedHomeScreen' is not defined  react/jsx-no-undef

Search for the keywords to learn more about each error.
[1m[33mWARNING[39m[22m in [1m[eslint] 
src\App.jsx
  Line 5:3:  'Award' is defined but never used  no-unused-vars

[39m[22m

[1m[31mERROR[39m[22m in [1m[eslint] 
src\App.jsx
  Line 1009:8:  'RedesignedHomeScreen' is not defined  react/jsx-no-undef

Search for the keywords to learn more about each [1m[31merror[39m[22m[1m.[39m[22m

webpack compiled with [1m[31m1 error[39m[22m and [1m[33m1 warning[39m[22m
Compiling...
Compiled with warnings.

[eslint] 
src\App.jsx
  Line 5:3:  'Award' is defined but never used  no-unused-vars

Search for the keywords to learn more about each warning.
To ignore, add // eslint-disable-next-line to the line before.

[1m[33mWARNING[39m[22m in [1m[eslint] 
src\App.jsx
  Line 5:3:  'Award' is defined but never used  no-unused-vars

[39m[22m

webpack compiled with [1m[33m1 warning[39m[22m
Compiling...
Compiled with warnings.

[eslint] 
src\App.jsx
  Line 5:3:  'Award' is defined but never used  no-unused-vars

Search for the keywords to learn more about each warning.
To ignore, add // eslint-disable-next-line to the line before.

[1m[33mWARNING[39m[22m in [1m[eslint] 
src\App.jsx
  Line 5:3:  'Award' is defined but never used  no-unused-vars

[39m[22m

webpack compiled with [1m[33m1 warning[39m[22m
Compiling...
Compiled with warnings.

[eslint] 
src\App.jsx
  Line 5:3:  'Award' is defined but never used  no-unused-vars

Search for the keywords to learn more about each warning.
To ignore, add // eslint-disable-next-line to the line before.

[1m[33mWARNING[39m[22m in [1m[eslint] 
src\App.jsx
  Line 5:3:  'Award' is defined but never used  no-unused-vars

[39m[22m

webpack compiled with [1m[33m1 warning[39m[22m
Compiling...
Compiled with warnings.

[eslint] 
src\App.jsx
  Line 5:3:  'Award' is defined but never used  no-unused-vars

Search for the keywords to learn more about each warning.
To ignore, add // eslint-disable-next-line to the line before.

[1m[33mWARNING[39m[22m in [1m[eslint] 
src\App.jsx
  Line 5:3:  'Award' is defined but never used  no-unused-vars

[39m[22m

webpack compiled with [1m[33m1 warning[39m[22m
Compiling...
Compiled with warnings.

[eslint] 
src\App.jsx
  Line 5:3:  'Award' is defined but never used  no-unused-vars

Search for the keywords to learn more about each warning.
To ignore, add // eslint-disable-next-line to the line before.

[1m[33mWARNING[39m[22m in [1m[eslint] 
src\App.jsx
  Line 5:3:  'Award' is defined but never used  no-unused-vars

[39m[22m

webpack compiled with [1m[33m1 warning[39m[22m
Compiling...
Compiled with warnings.

[eslint] 
src\App.jsx
  Line 5:3:  'Award' is defined but never used  no-unused-vars

Search for the keywords to learn more about each warning.
To ignore, add // eslint-disable-next-line to the line before.

[1m[33mWARNING[39m[22m in [1m[eslint] 
src\App.jsx
  Line 5:3:  'Award' is defined but never used  no-unused-vars

[39m[22m

webpack compiled with [1m[33m1 warning[39m[22m
Compiling...
Compiled successfully!
webpack compiled [1m[32msuccessfully[39m[22m
Compiling...
Compiled successfully!
webpack compiled [1m[32msuccessfully[39m[22m
Compiling...
Failed to compile.

[eslint] 
src\App.jsx
  Line 779:21:  Unexpected use of 'name'      no-restricted-globals
  Line 781:27:  Unexpected use of 'name'      no-restricted-globals
  Line 807:56:  'handleLogin' is not defined  no-undef

Search for the keywords to learn more about each error.
[1m[33mWARNING[39m[22m in [1m[eslint] 
src\App.jsx
  Line 778:9:  'handleRoleChange' is assigned a value but never used  no-unused-vars

[39m[22m

[1m[31mERROR[39m[22m in [1m[eslint] 
src\App.jsx
  Line 779:21:  [1m[31mUnexpected[39m[22m[1m use of 'name'      no-restricted-globals
  Line 781:27:  [1m[31mUnexpected[39m[22m[1m use of 'name'      no-restricted-globals
  Line 807:56:  'handleLogin' is not defined  no-undef

Search for the keywords to learn more about each [1m[31merror[39m[22m[1m.[39m[22m

webpack compiled with [1m[31m1 error[39m[22m and [1m[33m1 warning[39m[22m
Compiling...
Failed to compile.

[eslint] 
src\App.jsx
  Line 781:27:  Unexpected use of 'name'      no-restricted-globals
  Line 807:56:  'handleLogin' is not defined  no-undef

Search for the keywords to learn more about each error.
[1m[33mWARNING[39m[22m in [1m[eslint] 
src\App.jsx
  Line 778:9:  'handleRoleChange' is assigned a value but never used  no-unused-vars

[39m[22m

[1m[31mERROR[39m[22m in [1m[eslint] 
src\App.jsx
  Line 781:27:  [1m[31mUnexpected[39m[22m[1m use of 'name'      no-restricted-globals
  Line 807:56:  'handleLogin' is not defined  no-undef

Search for the keywords to learn more about each [1m[31merror[39m[22m[1m.[39m[22m

webpack compiled with [1m[31m1 error[39m[22m and [1m[33m1 warning[39m[22m
Compiling...
Failed to compile.

[eslint] 
src\App.jsx
  Line 780:27:  Unexpected use of 'name'      no-restricted-globals
  Line 806:56:  'handleLogin' is not defined  no-undef

Search for the keywords to learn more about each error.
[1m[33mWARNING[39m[22m in [1m[eslint] 
src\App.jsx
  Line 778:9:  'handleRoleChange' is assigned a value but never used  no-unused-vars

[39m[22m

[1m[31mERROR[39m[22m in [1m[eslint] 
src\App.jsx
  Line 780:27:  [1m[31mUnexpected[39m[22m[1m use of 'name'      no-restricted-globals
  Line 806:56:  'handleLogin' is not defined  no-undef

Search for the keywords to learn more about each [1m[31merror[39m[22m[1m.[39m[22m

webpack compiled with [1m[31m1 error[39m[22m and [1m[33m1 warning[39m[22m
Compiling...
Failed to compile.

[eslint] 
src\App.jsx
  Line 807:56:  'handleLogin' is not defined  no-undef

Search for the keywords to learn more about each error.
[1m[33mWARNING[39m[22m in [1m[eslint] 
src\App.jsx
  Line 778:9:  'handleRoleChange' is assigned a value but never used  no-unused-vars

[39m[22m

[1m[31mERROR[39m[22m in [1m[eslint] 
src\App.jsx
  Line 807:56:  'handleLogin' is not defined  no-undef

Search for the keywords to learn more about each [1m[31merror[39m[22m[1m.[39m[22m

webpack compiled with [1m[31m1 error[39m[22m and [1m[33m1 warning[39m[22m
Compiling...
Failed to compile.

[eslint] 
src\App.jsx
  Line 807:56:  'handleLogin' is not defined  no-undef

Search for the keywords to learn more about each error.
[1m[33mWARNING[39m[22m in [1m[eslint] 
src\App.jsx
  Line 778:9:  'handleRoleChange' is assigned a value but never used  no-unused-vars

[39m[22m

[1m[31mERROR[39m[22m in [1m[eslint] 
src\App.jsx
  Line 807:56:  'handleLogin' is not defined  no-undef

Search for the keywords to learn more about each [1m[31merror[39m[22m[1m.[39m[22m

webpack compiled with [1m[31m1 error[39m[22m and [1m[33m1 warning[39m[22m
Compiling...
Compiled with warnings.

[eslint] 
src\App.jsx
  Line 910:10:  'LoginScreen' is defined but never used  no-unused-vars

Search for the keywords to learn more about each warning.
To ignore, add // eslint-disable-next-line to the line before.

[1m[33mWARNING[39m[22m in [1m[eslint] 
src\App.jsx
  Line 910:10:  'LoginScreen' is defined but never used  no-unused-vars

[39m[22m

webpack compiled with [1m[33m1 warning[39m[22m
Compiling...
Compiled with warnings.

[eslint] 
src\App.jsx
  Line 910:10:  'LoginScreen' is defined but never used  no-unused-vars

Search for the keywords to learn more about each warning.
To ignore, add // eslint-disable-next-line to the line before.

[1m[33mWARNING[39m[22m in [1m[eslint] 
src\App.jsx
  Line 910:10:  'LoginScreen' is defined but never used  no-unused-vars

[39m[22m

webpack compiled with [1m[33m1 warning[39m[22m
Compiling...
Compiled with warnings.

[eslint] 
src\App.jsx
  Line 7:47:    'LogOut' is defined but never used       no-unused-vars
  Line 936:10:  'LoginScreen' is defined but never used  no-unused-vars

Search for the keywords to learn more about each warning.
To ignore, add // eslint-disable-next-line to the line before.

[1m[33mWARNING[39m[22m in [1m[eslint] 
src\App.jsx
  Line 7:47:    'LogOut' is defined but never used       no-unused-vars
  Line 936:10:  'LoginScreen' is defined but never used  no-unused-vars

[39m[22m

webpack compiled with [1m[33m1 warning[39m[22m
Compiling...
Compiled with warnings.

[eslint] 
src\App.jsx
  Line 936:10:  'LoginScreen' is defined but never used  no-unused-vars

Search for the keywords to learn more about each warning.
To ignore, add // eslint-disable-next-line to the line before.

[1m[33mWARNING[39m[22m in [1m[eslint] 
src\App.jsx
  Line 936:10:  'LoginScreen' is defined but never used  no-unused-vars

[39m[22m

webpack compiled with [1m[33m1 warning[39m[22m
Compiling...
Compiled with warnings.

[eslint] 
src\App.jsx
  Line 936:10:  'LoginScreen' is defined but never used  no-unused-vars

Search for the keywords to learn more about each warning.
To ignore, add // eslint-disable-next-line to the line before.

[1m[33mWARNING[39m[22m in [1m[eslint] 
src\App.jsx
  Line 936:10:  'LoginScreen' is defined but never used  no-unused-vars

[39m[22m

webpack compiled with [1m[33m1 warning[39m[22m
Compiling...
Compiled successfully!
webpack compiled [1m[32msuccessfully[39m[22m
Compiling...
Compiled with warnings.

[eslint] 
src\App.jsx
  Line 7:59:  'Search' is defined but never used      no-unused-vars
  Line 7:67:  'UserCircle' is defined but never used  no-unused-vars

Search for the keywords to learn more about each warning.
To ignore, add // eslint-disable-next-line to the line before.

[1m[33mWARNING[39m[22m in [1m[eslint] 
src\App.jsx
  Line 7:59:  'Search' is defined but never used      no-unused-vars
  Line 7:67:  'UserCircle' is defined but never used  no-unused-vars

[39m[22m

webpack compiled with [1m[33m1 warning[39m[22m
Compiling...
Compiled with warnings.

[eslint] 
src\App.jsx
  Line 7:54:    'Gem' is defined but never used       no-unused-vars
  Line 926:10:  'StatChip' is defined but never used  no-unused-vars

Search for the keywords to learn more about each warning.
To ignore, add // eslint-disable-next-line to the line before.

[1m[33mWARNING[39m[22m in [1m[eslint] 
src\App.jsx
  Line 7:54:    'Gem' is defined but never used       no-unused-vars
  Line 926:10:  'StatChip' is defined but never used  no-unused-vars

[39m[22m

webpack compiled with [1m[33m1 warning[39m[22m
Compiling...
Compiled with warnings.

[eslint] 
src\App.jsx
  Line 7:54:    'Gem' is defined but never used       no-unused-vars
  Line 926:10:  'StatChip' is defined but never used  no-unused-vars

Search for the keywords to learn more about each warning.
To ignore, add // eslint-disable-next-line to the line before.

[1m[33mWARNING[39m[22m in [1m[eslint] 
src\App.jsx
  Line 7:54:    'Gem' is defined but never used       no-unused-vars
  Line 926:10:  'StatChip' is defined but never used  no-unused-vars

[39m[22m

webpack compiled with [1m[33m1 warning[39m[22m
Compiling...
Compiled with warnings.

[eslint] 
src\App.jsx
  Line 7:54:    'Gem' is defined but never used       no-unused-vars
  Line 926:10:  'StatChip' is defined but never used  no-unused-vars

Search for the keywords to learn more about each warning.
To ignore, add // eslint-disable-next-line to the line before.

[1m[33mWARNING[39m[22m in [1m[eslint] 
src\App.jsx
  Line 7:54:    'Gem' is defined but never used       no-unused-vars
  Line 926:10:  'StatChip' is defined but never used  no-unused-vars

[39m[22m

webpack compiled with [1m[33m1 warning[39m[22m
Compiling...
Compiled with warnings.

[eslint] 
src\App.jsx
  Line 7:54:    'Gem' is defined but never used       no-unused-vars
  Line 926:10:  'StatChip' is defined but never used  no-unused-vars

Search for the keywords to learn more about each warning.
To ignore, add // eslint-disable-next-line to the line before.

[1m[33mWARNING[39m[22m in [1m[eslint] 
src\App.jsx
  Line 7:54:    'Gem' is defined but never used       no-unused-vars
  Line 926:10:  'StatChip' is defined but never used  no-unused-vars

[39m[22m

webpack compiled with [1m[33m1 warning[39m[22m
Compiling...
Compiled with warnings.

[eslint] 
src\App.jsx
  Line 7:54:    'Gem' is defined but never used       no-unused-vars
  Line 926:10:  'StatChip' is defined but never used  no-unused-vars

Search for the keywords to learn more about each warning.
To ignore, add // eslint-disable-next-line to the line before.

[1m[33mWARNING[39m[22m in [1m[eslint] 
src\App.jsx
  Line 7:54:    'Gem' is defined but never used       no-unused-vars
  Line 926:10:  'StatChip' is defined but never used  no-unused-vars

[39m[22m

webpack compiled with [1m[33m1 warning[39m[22m
Compiling...
Compiled with warnings.

[eslint] 
src\App.jsx
  Line 7:54:    'Gem' is defined but never used       no-unused-vars
  Line 926:10:  'StatChip' is defined but never used  no-unused-vars

Search for the keywords to learn more about each warning.
To ignore, add // eslint-disable-next-line to the line before.

[1m[33mWARNING[39m[22m in [1m[eslint] 
src\App.jsx
  Line 7:54:    'Gem' is defined but never used       no-unused-vars
  Line 926:10:  'StatChip' is defined but never used  no-unused-vars

[39m[22m

webpack compiled with [1m[33m1 warning[39m[22m
Compiling...
Compiled with warnings.

[eslint] 
src\App.jsx
  Line 7:54:    'Gem' is defined but never used       no-unused-vars
  Line 926:10:  'StatChip' is defined but never used  no-unused-vars

Search for the keywords to learn more about each warning.
To ignore, add // eslint-disable-next-line to the line before.

[1m[33mWARNING[39m[22m in [1m[eslint] 
src\App.jsx
  Line 7:54:    'Gem' is defined but never used       no-unused-vars
  Line 926:10:  'StatChip' is defined but never used  no-unused-vars

[39m[22m

webpack compiled with [1m[33m1 warning[39m[22m
Compiling...
Compiled with warnings.

[eslint] 
src\App.jsx
  Line 7:54:    'Gem' is defined but never used       no-unused-vars
  Line 926:10:  'StatChip' is defined but never used  no-unused-vars

Search for the keywords to learn more about each warning.
To ignore, add // eslint-disable-next-line to the line before.

[1m[33mWARNING[39m[22m in [1m[eslint] 
src\App.jsx
  Line 7:54:    'Gem' is defined but never used       no-unused-vars
  Line 926:10:  'StatChip' is defined but never used  no-unused-vars

[39m[22m

webpack compiled with [1m[33m1 warning[39m[22m
Compiling...
Compiled with warnings.

[eslint] 
src\App.jsx
  Line 7:54:    'Gem' is defined but never used       no-unused-vars
  Line 926:10:  'StatChip' is defined but never used  no-unused-vars

Search for the keywords to learn more about each warning.
To ignore, add // eslint-disable-next-line to the line before.

[1m[33mWARNING[39m[22m in [1m[eslint] 
src\App.jsx
  Line 7:54:    'Gem' is defined but never used       no-unused-vars
  Line 926:10:  'StatChip' is defined but never used  no-unused-vars

[39m[22m

webpack compiled with [1m[33m1 warning[39m[22m
Compiling...
Compiled with warnings.

[eslint] 
src\App.jsx
  Line 7:54:    'Gem' is defined but never used       no-unused-vars
  Line 926:10:  'StatChip' is defined but never used  no-unused-vars

Search for the keywords to learn more about each warning.
To ignore, add // eslint-disable-next-line to the line before.

[1m[33mWARNING[39m[22m in [1m[eslint] 
src\App.jsx
  Line 7:54:    'Gem' is defined but never used       no-unused-vars
  Line 926:10:  'StatChip' is defined but never used  no-unused-vars

[39m[22m

webpack compiled with [1m[33m1 warning[39m[22m
Compiling...
Compiled with warnings.

[eslint] 
src\App.jsx
  Line 7:54:    'Gem' is defined but never used       no-unused-vars
  Line 926:10:  'StatChip' is defined but never used  no-unused-vars

Search for the keywords to learn more about each warning.
To ignore, add // eslint-disable-next-line to the line before.

[1m[33mWARNING[39m[22m in [1m[eslint] 
src\App.jsx
  Line 7:54:    'Gem' is defined but never used       no-unused-vars
  Line 926:10:  'StatChip' is defined but never used  no-unused-vars

[39m[22m

webpack compiled with [1m[33m1 warning[39m[22m
Compiling...
Compiled with warnings.

[eslint] 
src\App.jsx
  Line 7:54:    'Gem' is defined but never used       no-unused-vars
  Line 926:10:  'StatChip' is defined but never used  no-unused-vars

Search for the keywords to learn more about each warning.
To ignore, add // eslint-disable-next-line to the line before.

[1m[33mWARNING[39m[22m in [1m[eslint] 
src\App.jsx
  Line 7:54:    'Gem' is defined but never used       no-unused-vars
  Line 926:10:  'StatChip' is defined but never used  no-unused-vars

[39m[22m

webpack compiled with [1m[33m1 warning[39m[22m
Compiling...
Compiled with warnings.

[eslint] 
src\App.jsx
  Line 7:54:    'Gem' is defined but never used       no-unused-vars
  Line 926:10:  'StatChip' is defined but never used  no-unused-vars

Search for the keywords to learn more about each warning.
To ignore, add // eslint-disable-next-line to the line before.

[1m[33mWARNING[39m[22m in [1m[eslint] 
src\App.jsx
  Line 7:54:    'Gem' is defined but never used       no-unused-vars
  Line 926:10:  'StatChip' is defined but never used  no-unused-vars

[39m[22m

webpack compiled with [1m[33m1 warning[39m[22m
Compiling...
Compiled with warnings.

[eslint] 
src\App.jsx
  Line 7:54:    'Gem' is defined but never used       no-unused-vars
  Line 926:10:  'StatChip' is defined but never used  no-unused-vars

Search for the keywords to learn more about each warning.
To ignore, add // eslint-disable-next-line to the line before.

[1m[33mWARNING[39m[22m in [1m[eslint] 
src\App.jsx
  Line 7:54:    'Gem' is defined but never used       no-unused-vars
  Line 926:10:  'StatChip' is defined but never used  no-unused-vars

[39m[22m

webpack compiled with [1m[33m1 warning[39m[22m
Compiling...
Compiled with warnings.

[eslint] 
src\App.jsx
  Line 7:54:    'Gem' is defined but never used       no-unused-vars
  Line 925:10:  'StatChip' is defined but never used  no-unused-vars

Search for the keywords to learn more about each warning.
To ignore, add // eslint-disable-next-line to the line before.

[1m[33mWARNING[39m[22m in [1m[eslint] 
src\App.jsx
  Line 7:54:    'Gem' is defined but never used       no-unused-vars
  Line 925:10:  'StatChip' is defined but never used  no-unused-vars

[39m[22m

webpack compiled with [1m[33m1 warning[39m[22m
Compiling...
Compiled with warnings.

[eslint] 
src\App.jsx
  Line 7:54:    'Gem' is defined but never used       no-unused-vars
  Line 925:10:  'StatChip' is defined but never used  no-unused-vars

Search for the keywords to learn more about each warning.
To ignore, add // eslint-disable-next-line to the line before.

[1m[33mWARNING[39m[22m in [1m[eslint] 
src\App.jsx
  Line 7:54:    'Gem' is defined but never used       no-unused-vars
  Line 925:10:  'StatChip' is defined but never used  no-unused-vars

[39m[22m

webpack compiled with [1m[33m1 warning[39m[22m
Compiling...
Compiled with warnings.

[eslint] 
src\App.jsx
  Line 925:10:  'StatChip' is defined but never used  no-unused-vars

Search for the keywords to learn more about each warning.
To ignore, add // eslint-disable-next-line to the line before.

[1m[33mWARNING[39m[22m in [1m[eslint] 
src\App.jsx
  Line 925:10:  'StatChip' is defined but never used  no-unused-vars

[39m[22m

webpack compiled with [1m[33m1 warning[39m[22m
Compiling...
Compiled successfully!
webpack compiled [1m[32msuccessfully[39m[22m
